09:56:19 **** Incremental Build of configuration Debug for project led_blink ****
make -j12 all 
arm-none-eabi-gcc "../Core/Src/stm32g0xx_it.c" -mcpu=cortex-m0plus -std=gnu11 -g3 -DDEBUG -DUSE_HAL_DRIVER -DSTM32G030xx -c -I../Core/Inc -I../Drivers/STM32G0xx_HAL_Driver/Inc -I../Drivers/STM32G0xx_HAL_Driver/Inc/Legacy -I../Drivers/CMSIS/Device/ST/STM32G0xx/Include -I../Drivers/CMSIS/Include -O0 -ffunction-sections -fdata-sections -Wall -fstack-usage -fcyclomatic-complexity -MMD -MP -MF"Core/Src/stm32g0xx_it.d" -MT"Core/Src/stm32g0xx_it.o" --specs=nano.specs -mfloat-abi=soft -mthumb -o "Core/Src/stm32g0xx_it.o"
arm-none-eabi-gcc -o "led_blink.elf" @"objects.list"   -mcpu=cortex-m0plus -T"C:\Users\Provar\STM32CubeIDE\workspace_1.19.0\asd\STM32G030F6PX_FLASH.ld" --specs=nosys.specs -Wl,-Map="led_blink.map" -Wl,--gc-sections -static --specs=nano.specs -mfloat-abi=soft -mthumb -Wl,--start-group -lc -lm -Wl,--end-group
Finished building target: led_blink.elf
 
arm-none-eabi-size  led_blink.elf 
arm-none-eabi-objdump -h -S led_blink.elf  > "led_blink.list"
   text	   data	    bss	    dec	    hex	filename
  10220	     12	   1652	  11884	   2e6c	led_blink.elf
Finished building: default.size.stdout
 
Finished building: led_blink.list
 

09:56:20 Build Finished. 0 errors, 0 warnings. (took 812ms)

